// Jest Snapshot v1, https://goo.gl/fbAQLP

exports[`App Contains the compiled JavaScript 1`] = `
"/******/ (function(modules) { // webpackBootstrap
/******/ 	// The module cache
/******/ 	var installedModules = {};
/******/
/******/ 	// The require function
/******/ 	function __webpack_require__(moduleId) {
/******/
/******/ 		// Check if module is in cache
/******/ 		if(installedModules[moduleId]) {
/******/ 			return installedModules[moduleId].exports;
/******/ 		}
/******/ 		// Create a new module (and put it into the cache)
/******/ 		var module = installedModules[moduleId] = {
/******/ 			i: moduleId,
/******/ 			l: false,
/******/ 			exports: {}
/******/ 		};
/******/
/******/ 		// Execute the module function
/******/ 		modules[moduleId].call(module.exports, module, module.exports, __webpack_require__);
/******/
/******/ 		// Flag the module as loaded
/******/ 		module.l = true;
/******/
/******/ 		// Return the exports of the module
/******/ 		return module.exports;
/******/ 	}
/******/
/******/
/******/ 	// expose the modules object (__webpack_modules__)
/******/ 	__webpack_require__.m = modules;
/******/
/******/ 	// expose the module cache
/******/ 	__webpack_require__.c = installedModules;
/******/
/******/ 	// define getter function for harmony exports
/******/ 	__webpack_require__.d = function(exports, name, getter) {
/******/ 		if(!__webpack_require__.o(exports, name)) {
/******/ 			Object.defineProperty(exports, name, { enumerable: true, get: getter });
/******/ 		}
/******/ 	};
/******/
/******/ 	// define __esModule on exports
/******/ 	__webpack_require__.r = function(exports) {
/******/ 		if(typeof Symbol !== 'undefined' && Symbol.toStringTag) {
/******/ 			Object.defineProperty(exports, Symbol.toStringTag, { value: 'Module' });
/******/ 		}
/******/ 		Object.defineProperty(exports, '__esModule', { value: true });
/******/ 	};
/******/
/******/ 	// create a fake namespace object
/******/ 	// mode & 1: value is a module id, require it
/******/ 	// mode & 2: merge all properties of value into the ns
/******/ 	// mode & 4: return value when already ns object
/******/ 	// mode & 8|1: behave like require
/******/ 	__webpack_require__.t = function(value, mode) {
/******/ 		if(mode & 1) value = __webpack_require__(value);
/******/ 		if(mode & 8) return value;
/******/ 		if((mode & 4) && typeof value === 'object' && value && value.__esModule) return value;
/******/ 		var ns = Object.create(null);
/******/ 		__webpack_require__.r(ns);
/******/ 		Object.defineProperty(ns, 'default', { enumerable: true, value: value });
/******/ 		if(mode & 2 && typeof value != 'string') for(var key in value) __webpack_require__.d(ns, key, function(key) { return value[key]; }.bind(null, key));
/******/ 		return ns;
/******/ 	};
/******/
/******/ 	// getDefaultExport function for compatibility with non-harmony modules
/******/ 	__webpack_require__.n = function(module) {
/******/ 		var getter = module && module.__esModule ?
/******/ 			function getDefault() { return module['default']; } :
/******/ 			function getModuleExports() { return module; };
/******/ 		__webpack_require__.d(getter, 'a', getter);
/******/ 		return getter;
/******/ 	};
/******/
/******/ 	// Object.prototype.hasOwnProperty.call
/******/ 	__webpack_require__.o = function(object, property) { return Object.prototype.hasOwnProperty.call(object, property); };
/******/
/******/ 	// __webpack_public_path__
/******/ 	__webpack_require__.p = \\"\\";
/******/
/******/
/******/ 	// Load entry module and return exports
/******/ 	return __webpack_require__(__webpack_require__.s = 0);
/******/ })
/************************************************************************/
/******/ ({

/***/ \\"./src/game.js\\":
/*!*********************!*\\\\
  !*** ./src/game.js ***!
  \\\\*********************/
/*! exports provided: default */
/***/ (function(module, __webpack_exports__, __webpack_require__) {

\\"use strict\\";
eval(\\"__webpack_require__.r(__webpack_exports__);\\\\n/* harmony export (binding) */ __webpack_require__.d(__webpack_exports__, \\\\\\"default\\\\\\", function() { return Game; });\\\\nclass Game {\\\\r\\\\n  constructor (p1, p2) {\\\\r\\\\n    this.p1 = p1\\\\r\\\\n    this.p2 = p2\\\\r\\\\n    this.board = [[null, null, null], [null, null, null], [null, null, null]]\\\\r\\\\n    this.player = Math.random() < 0.5 ? this.p1 : this.p2\\\\r\\\\n    this.sym = 'X'\\\\r\\\\n  }\\\\r\\\\n\\\\r\\\\n  turn (row, col) {\\\\r\\\\n    col = col || row\\\\r\\\\n    this.board[row][col] = this.sym\\\\r\\\\n  }\\\\r\\\\n\\\\r\\\\n  nextPlayer () {\\\\r\\\\n    this.player = this.player === this.p1 ? this.p2 : this.p1\\\\r\\\\n    this.sym = this.sym === 'X' ? 'O' : 'X'\\\\r\\\\n  }\\\\r\\\\n\\\\r\\\\n  hasWinner () {\\\\r\\\\n    return this.rowWin() || this.colWin() || this.diagWin()\\\\r\\\\n  }\\\\r\\\\n\\\\r\\\\n  rowWin () {\\\\r\\\\n    let win = false\\\\r\\\\n    for (let r = 0; r < 3; r++) {\\\\r\\\\n      const row = this.board[r]\\\\r\\\\n      if (row[0] === null) { continue }\\\\r\\\\n      win = win || (row[0] === row[1] && row[0] === row[2])\\\\r\\\\n    }\\\\r\\\\n\\\\r\\\\n    return win\\\\r\\\\n  }\\\\r\\\\n\\\\r\\\\n  colWin () {\\\\r\\\\n    let win = false\\\\r\\\\n    for (let c = 0; c < 3; c++) {\\\\r\\\\n      const col = this.board\\\\r\\\\n      if (col[0][c] === null) { continue }\\\\r\\\\n      win = win || (col[0][c] === col[1][c] && col[0][c] === col[2][c])\\\\r\\\\n    }\\\\r\\\\n\\\\r\\\\n    return win\\\\r\\\\n  }\\\\r\\\\n\\\\r\\\\n  diagWin () {\\\\r\\\\n    const b = this.board\\\\r\\\\n    return ((b[0][0] !== null && b[0][0] === b[1][1] && b[0][0] === b[2][2]) ||\\\\r\\\\n            (b[0][2] !== null && b[0][2] === b[1][1] && b[0][2] === b[2][0]))\\\\r\\\\n  }\\\\r\\\\n}\\\\n\\\\n//# sourceURL=webpack:///./src/game.js?\\");

/***/ }),

/***/ \\"./src/index.js\\":
/*!**********************!*\\\\
  !*** ./src/index.js ***!
  \\\\**********************/
/*! no exports provided */
/***/ (function(module, __webpack_exports__, __webpack_require__) {

\\"use strict\\";
eval(\\"__webpack_require__.r(__webpack_exports__);\\\\n/* harmony import */ var _game_js__WEBPACK_IMPORTED_MODULE_0__ = __webpack_require__(/*! ./game.js */ \\\\\\"./src/game.js\\\\\\");\\\\n\\\\r\\\\n\\\\r\\\\nlet p1, p2\\\\r\\\\nwhile (!p1) {\\\\r\\\\n  p1 = window.prompt('Enter player 1 name:')\\\\r\\\\n}\\\\r\\\\n\\\\r\\\\nwhile (!p2 && p1 !== p2) {\\\\r\\\\n  p2 = window.prompt(p1 === p2\\\\r\\\\n    ? \`Please enter a different name than \${p1}.\`\\\\r\\\\n    : 'Enter player 2 name:')\\\\r\\\\n}\\\\r\\\\n\\\\r\\\\nwindow.onload = () => {\\\\r\\\\n  const game = new _game_js__WEBPACK_IMPORTED_MODULE_0__[\\\\\\"default\\\\\\"](p1, p2)\\\\r\\\\n  const turn = document.getElementById('turn')\\\\r\\\\n  const player = document.getElementById('player')\\\\r\\\\n  player.innerText = game.player\\\\r\\\\n\\\\r\\\\n  document.querySelectorAll('td').forEach((el) => {\\\\r\\\\n    el.onclick = (evt) => {\\\\r\\\\n      el.onclick = undefined\\\\r\\\\n      evt.target.innerText = game.sym\\\\r\\\\n      evt.target.onclick = undefined\\\\r\\\\n\\\\r\\\\n      const [row, col] = evt.target.classList\\\\r\\\\n      game.turn(row, col)\\\\r\\\\n\\\\r\\\\n      if (game.hasWinner()) {\\\\r\\\\n        turn.innerText = \`\${game.player} wins!\`\\\\r\\\\n        document.querySelectorAll('td').forEach(el => {\\\\r\\\\n          el.onclick = undefined\\\\r\\\\n        })\\\\r\\\\n      } else {\\\\r\\\\n        game.nextPlayer()\\\\r\\\\n        player.innerText = game.player\\\\r\\\\n      }\\\\r\\\\n    }\\\\r\\\\n  })\\\\r\\\\n}\\\\n\\\\n//# sourceURL=webpack:///./src/index.js?\\");

/***/ }),

/***/ 0:
/*!******************************************!*\\\\
  !*** multi ./src/index.js ./src/game.js ***!
  \\\\******************************************/
/*! no static exports found */
/***/ (function(module, exports, __webpack_require__) {

eval(\\"__webpack_require__(/*! C:\\\\\\\\Users\\\\\\\\Nikita.Nikitin\\\\\\\\Desktop\\\\\\\\Learning GIT Actions\\\\\\\\github-actions-template\\\\\\\\src\\\\\\\\index.js */\\\\\\"./src/index.js\\\\\\");\\\\nmodule.exports = __webpack_require__(/*! C:\\\\\\\\Users\\\\\\\\Nikita.Nikitin\\\\\\\\Desktop\\\\\\\\Learning GIT Actions\\\\\\\\github-actions-template\\\\\\\\src\\\\\\\\game.js */\\\\\\"./src/game.js\\\\\\");\\\\n\\\\n\\\\n//# sourceURL=webpack:///multi_./src/index.js_./src/game.js?\\");

/***/ })

/******/ });"
`;
